[     388ms] [INFO] %cDownload the React DevTools for a better development experience: https://react.dev/link/react-devtools font-weight:bold @ http://localhost:3001/_next/static/chunks/node_modules_next_dist_115brz8._.js:2431
[     430ms] [LOG] [HMR] connected @ http://localhost:3001/_next/static/chunks/node_modules_next_dist_115brz8._.js:2431
[     476ms] [ERROR] Failed to load resource: the server responded with a status of 404 (Not Found) @ http://localhost:3001/favicon.ico:0
[   20489ms] [ERROR] Failed to load resource: the server responded with a status of 400 () @ https://iytanftukulcnavossmd.supabase.co/auth/v1/token?grant_type=password:0
[   24805ms] [ERROR] Failed to load resource: the server responded with a status of 400 () @ https://iytanftukulcnavossmd.supabase.co/auth/v1/token?grant_type=password:0
[   29620ms] [ERROR] Failed to load resource: the server responded with a status of 400 () @ https://iytanftukulcnavossmd.supabase.co/auth/v1/token?grant_type=password:0
[   34759ms] [ERROR] Failed to load resource: the server responded with a status of 400 () @ https://iytanftukulcnavossmd.supabase.co/auth/v1/token?grant_type=password:0
[   46579ms] [LOG] [Fast Refresh] rebuilding @ http://localhost:3001/_next/static/chunks/node_modules_next_dist_115brz8._.js:2431
[   47485ms] [LOG] [Fast Refresh] done in 1012ms @ http://localhost:3001/_next/static/chunks/node_modules_next_dist_115brz8._.js:2431
[   47998ms] [LOG] [Fast Refresh] rebuilding @ http://localhost:3001/_next/static/chunks/node_modules_next_dist_115brz8._.js:2431
[   48090ms] [LOG] [Fast Refresh] done in 204ms @ http://localhost:3001/_next/static/chunks/node_modules_next_dist_115brz8._.js:2431
[  248720ms] [LOG] [Fast Refresh] rebuilding @ http://localhost:3001/_next/static/chunks/node_modules_next_dist_115brz8._.js:2431
[  248831ms] [LOG] [Fast Refresh] done in 211ms @ http://localhost:3001/_next/static/chunks/node_modules_next_dist_115brz8._.js:2431
[  249331ms] [ERROR] Failed to load resource: the server responded with a status of 400 () @ https://iytanftukulcnavossmd.supabase.co/auth/v1/token?grant_type=password:0
[  254842ms] [ERROR] Encountered a script tag while rendering React component. Scripts inside React components are never executed when rendering on the client. Consider using template tag instead (https://developer.mozilla.org/en-US/docs/Web/HTML/Element/template). @ http://localhost:3001/_next/static/chunks/node_modules_next_dist_115brz8._.js:3272
[  286672ms] [WARNING] THREE.THREE.Clock: This module has been deprecated. Please use THREE.Timer instead. @ http://localhost:3001/_next/static/chunks/node_modules_next_dist_115brz8._.js:2431
[  673730ms] [LOG] [Fast Refresh] rebuilding @ http://localhost:3001/_next/static/chunks/node_modules_next_dist_115brz8._.js:2431
[  674193ms] [LOG] [Fast Refresh] done in 508ms @ http://localhost:3001/_next/static/chunks/node_modules_next_dist_115brz8._.js:2431
[  675229ms] [LOG] [Fast Refresh] rebuilding @ http://localhost:3001/_next/static/chunks/node_modules_next_dist_115brz8._.js:2431
[  675559ms] [LOG] [Fast Refresh] done in 432ms @ http://localhost:3001/_next/static/chunks/node_modules_next_dist_115brz8._.js:2431
[  675669ms] [LOG] [Fast Refresh] rebuilding @ http://localhost:3001/_next/static/chunks/node_modules_next_dist_115brz8._.js:2431
[  675713ms] [LOG] [Fast Refresh] done in 146ms @ http://localhost:3001/_next/static/chunks/node_modules_next_dist_115brz8._.js:2431
[  675852ms] [LOG] [Fast Refresh] rebuilding @ http://localhost:3001/_next/static/chunks/node_modules_next_dist_115brz8._.js:2431
[  675876ms] [LOG] [Fast Refresh] done in 124ms @ http://localhost:3001/_next/static/chunks/node_modules_next_dist_115brz8._.js:2431
[  676492ms] [LOG] [Fast Refresh] rebuilding @ http://localhost:3001/_next/static/chunks/node_modules_next_dist_115brz8._.js:2431
[  676527ms] [LOG] [Fast Refresh] done in 136ms @ http://localhost:3001/_next/static/chunks/node_modules_next_dist_115brz8._.js:2431
[  676974ms] [LOG] [Fast Refresh] rebuilding @ http://localhost:3001/_next/static/chunks/node_modules_next_dist_115brz8._.js:2431
[  677018ms] [LOG] [Fast Refresh] done in 148ms @ http://localhost:3001/_next/static/chunks/node_modules_next_dist_115brz8._.js:2431
[  677544ms] [LOG] [Fast Refresh] rebuilding @ http://localhost:3001/_next/static/chunks/node_modules_next_dist_115brz8._.js:2431
[  677612ms] [LOG] [Fast Refresh] done in 173ms @ http://localhost:3001/_next/static/chunks/node_modules_next_dist_115brz8._.js:2431
[  709044ms] [LOG] [Fast Refresh] rebuilding @ http://localhost:3001/_next/static/chunks/node_modules_next_dist_115brz8._.js:2431
[  709279ms] [LOG] [Fast Refresh] done in 299ms @ http://localhost:3001/_next/static/chunks/node_modules_next_dist_115brz8._.js:2431
[  709847ms] [LOG] [Fast Refresh] rebuilding @ http://localhost:3001/_next/static/chunks/node_modules_next_dist_115brz8._.js:2431
[  710189ms] [LOG] [Fast Refresh] done in 445ms @ http://localhost:3001/_next/static/chunks/node_modules_next_dist_115brz8._.js:2431
[  710527ms] [LOG] [Fast Refresh] rebuilding @ http://localhost:3001/_next/static/chunks/node_modules_next_dist_115brz8._.js:2431
[  710528ms] [LOG] [Fast Refresh] done in 115ms @ http://localhost:3001/_next/static/chunks/node_modules_next_dist_115brz8._.js:2431
[  710588ms] [ERROR] %o

%s ReferenceError: deriveSeamIconCompositionForForm is not defined
    at DesignWorkbenchEstimateClient.useMemo[planViewportSeamIconForms] (http://localhost:3001/_next/static/chunks/apps_portal_app_staff_projects_%5BprojectId%5D_design-workbench_03a16h3._.js?id=%255Bproject%255D%252Fapps%252Fportal%252Fapp%252Fstaff%252Fprojects%252F%255BprojectId%255D%252Fdesign-workbench%252FDesignWorkbenchEstimateClient.tsx+%255Bapp-client%255D+%2528ecmascript%2529:498:41)
    at Array.map (<anonymous>)
    at DesignWorkbenchEstimateClient.useMemo[planViewportSeamIconForms] (http://localhost:3001/_next/static/chunks/apps_portal_app_staff_projects_%5BprojectId%5D_design-workbench_03a16h3._.js?id=%255Bproject%255D%252Fapps%252Fportal%252Fapp%252Fstaff%252Fprojects%252F%255BprojectId%255D%252Fdesign-workbench%252FDesignWorkbenchEstimateClient.tsx+%255Bapp-client%255D+%2528ecmascript%2529:496:106)
    at updateMemo (http://localhost:3001/_next/static/chunks/node_modules_next_dist_compiled_react-dom_058-ah~._.js:5413:21)
    at Object.useMemo (http://localhost:3001/_next/static/chunks/node_modules_next_dist_compiled_react-dom_058-ah~._.js:15465:24)
    at exports.useMemo (http://localhost:3001/_next/static/chunks/node_modules_next_dist_compiled_0rpq4pf._.js:1742:36)
    at DesignWorkbenchEstimateClient (http://localhost:3001/_next/static/chunks/apps_portal_app_staff_projects_%5BprojectId%5D_design-workbench_03a16h3._.js?id=%255Bproject%255D%252Fapps%252Fportal%252Fapp%252Fstaff%252Fprojects%252F%255BprojectId%255D%252Fdesign-workbench%252FDesignWorkbenchEstimateClient.tsx+%255Bapp-client%255D+%2528ecmascript%2529:495:212)
    at Object.react_stack_bottom_frame (http://localhost:3001/_next/static/chunks/node_modules_next_dist_compiled_react-dom_058-ah~._.js:15037:24)
    at renderWithHooks (http://localhost:3001/_next/static/chunks/node_modules_next_dist_compiled_react-dom_058-ah~._.js:4620:24)
    at updateFunctionComponent (http://localhost:3001/_next/static/chunks/node_modules_next_dist_compiled_react-dom_058-ah~._.js:6081:21)
    at beginWork (http://localhost:3001/_next/static/chunks/node_modules_next_dist_compiled_react-dom_058-ah~._.js:6691:24)
    at runWithFiberInDEV (http://localhost:3001/_next/static/chunks/node_modules_next_dist_compiled_react-dom_058-ah~._.js:965:74)
    at performUnitOfWork (http://localhost:3001/_next/static/chunks/node_modules_next_dist_compiled_react-dom_058-ah~._.js:9555:97)
    at workLoopSync (http://localhost:3001/_next/static/chunks/node_modules_next_dist_compiled_react-dom_058-ah~._.js:9449:40)
    at renderRootSync (http://localhost:3001/_next/static/chunks/node_modules_next_dist_compiled_react-dom_058-ah~._.js:9433:13)
    at performWorkOnRoot (http://localhost:3001/_next/static/chunks/node_modules_next_dist_compiled_react-dom_058-ah~._.js:9061:186)
    at performSyncWorkOnRoot (http://localhost:3001/_next/static/chunks/node_modules_next_dist_compiled_react-dom_058-ah~._.js:10263:9)
    at flushSyncWorkAcrossRoots_impl (http://localhost:3001/_next/static/chunks/node_modules_next_dist_compiled_react-dom_058-ah~._.js:10179:316)
    at processRootScheduleInMicrotask (http://localhost:3001/_next/static/chunks/node_modules_next_dist_compiled_react-dom_058-ah~._.js:10200:106)
    at http://localhost:3001/_next/static/chunks/node_modules_next_dist_compiled_react-dom_058-ah~._.js:10274:158 The above error occurred in the <DesignWorkbenchEstimateClient> component. It was handled by the <ErrorBoundaryHandler> error boundary. @ http://localhost:3001/_next/static/chunks/node_modules_next_dist_client_0fhqo1d._.js:1998
[  710590ms] [ERROR] [portal] {event: portal.global_error, message: deriveSeamIconCompositionForForm is not defined, digest: null, pathname: /staff/projects/proj_cf4afb59-b72c-4b11-b39f-9e04f4684163/design-workbench} @ http://localhost:3001/_next/static/chunks/node_modules_next_dist_115brz8._.js:3272
[  710591ms] [ERROR] [portal] {event: portal.global_error, message: deriveSeamIconCompositionForForm is not defined, digest: null, pathname: /staff/projects/proj_cf4afb59-b72c-4b11-b39f-9e04f4684163/design-workbench} @ http://localhost:3001/_next/static/chunks/node_modules_next_dist_115brz8._.js:3272
[  724120ms] [LOG] [Fast Refresh] rebuilding @ http://localhost:3001/_next/static/chunks/node_modules_next_dist_115brz8._.js:2431
[  724422ms] [LOG] [Fast Refresh] done in 249ms @ http://localhost:3001/_next/static/chunks/node_modules_next_dist_115brz8._.js:2431
[  724446ms] [WARNING] THREE.THREE.Clock: This module has been deprecated. Please use THREE.Timer instead. @ http://localhost:3001/_next/static/chunks/node_modules_next_dist_115brz8._.js:2431
[  724828ms] [LOG] [Fast Refresh] rebuilding @ http://localhost:3001/_next/static/chunks/node_modules_next_dist_115brz8._.js:2431
[  724891ms] [LOG] [Fast Refresh] done in 174ms @ http://localhost:3001/_next/static/chunks/node_modules_next_dist_115brz8._.js:2431
[  725115ms] [LOG] [Fast Refresh] rebuilding @ http://localhost:3001/_next/static/chunks/node_modules_next_dist_115brz8._.js:2431
[  725486ms] [LOG] [Fast Refresh] done in 476ms @ http://localhost:3001/_next/static/chunks/node_modules_next_dist_115brz8._.js:2431
[  750381ms] [LOG] [Fast Refresh] rebuilding @ http://localhost:3001/_next/static/chunks/node_modules_next_dist_115brz8._.js:2431
[  750581ms] [LOG] [Fast Refresh] done in 304ms @ http://localhost:3001/_next/static/chunks/node_modules_next_dist_115brz8._.js:2431
[  791803ms] [LOG] [Fast Refresh] rebuilding @ http://localhost:3001/_next/static/chunks/node_modules_next_dist_115brz8._.js:2431
[  792001ms] [LOG] [Fast Refresh] done in 305ms @ http://localhost:3001/_next/static/chunks/node_modules_next_dist_115brz8._.js:2431
[ 1001279ms] [LOG] [Fast Refresh] rebuilding @ http://localhost:3001/_next/static/chunks/node_modules_next_dist_115brz8._.js:2431
[ 1001322ms] [LOG] [Fast Refresh] done in 146ms @ http://localhost:3001/_next/static/chunks/node_modules_next_dist_115brz8._.js:2431
