[47527111ms] [LOG] [Fast Refresh] rebuilding @ http://localhost:3001/_next/static/chunks/node_modules_next_dist_115brz8._.js:2431
[47529032ms] [ERROR] ./apps/portal/components/drawings/viewports/PlanViewport/interactions/usePanZoom.ts:1:1
Module not found: Can't resolve '@/lib/drawings/interactions/planNavigationController'
> 1 | import {
    | ^^^^^^^
> 2 |   applyAnchoredPlanZoom,
    | ^^^^^^^^^^^^^^^^^^^^^^^^
> 3 |   clampPlanZoom,
    | ^^^^^^^^^^^^^^^^
> 4 |   normalizeWheelDeltaPixels,
    | ^^^^^^^^^^^^^^^^^^^^^^^^^^^^
> 5 |   WHEEL_ZOOM_SENSITIVITY,
    | ^^^^^^^^^^^^^^^^^^^^^^^^^
> 6 | } from '@/lib/drawings/interactions/planNavigationController';
    | ^^^^^^^^^^^^^^^^^^^^^^^^^^^^^^^^^^^^^^^^^^^^^^^^^^^^^^^^^^^^^^
  7 | import type { DrawingWorkbenchViewportTransform } from '@/lib/drawings/state/drawingWorkbenchUiState';
  8 |
  9 | export function resolveWheelZoomedTransform(input: {

Import map: aliased to relative './lib/drawings/interactions/planNavigationController' inside of [project]/apps/portal

Import traces:
  Client Component Browser:
    ./apps/portal/components/drawings/viewports/PlanViewport/interactions/usePanZoom.ts [Client Component Browser]
    ./apps/portal/components/drawings/viewports/PlanViewport/canvas/PlanCanvas2D.tsx [Client Component Browser]
    ./apps/portal/components/drawings/viewports/PlanViewport/canvas/PlanCanvas.tsx [Client Component Browser]
    ./apps/portal/components/drawings/viewports/PlanViewport/PlanViewport.tsx [Client Component Browser]
    ./apps/portal/components/drawings/workbench/WorkbenchViewportHost.tsx [Client Component Browser]
    ./apps/portal/components/drawings/workbench/DrawingWorkbench.tsx [Client Component Browser]
    ./apps/portal/app/staff/projects/[projectId]/design-workbench/DesignWorkbenchFixtureClient.tsx [Client Component Browser]
    ./apps/portal/app/staff/projects/[projectId]/design-workbench/DesignWorkbenchFixtureClient.tsx [Server Component]
    ./apps/portal/app/staff/projects/[projectId]/design-workbench/page.tsx [Server Component]

  Client Component SSR:
    ./apps/portal/components/drawings/viewports/PlanViewport/interactions/usePanZoom.ts [Client Component SSR]
    ./apps/portal/components/drawings/viewports/PlanViewport/canvas/PlanCanvas2D.tsx [Client Component SSR]
    ./apps/portal/components/drawings/viewports/PlanViewport/canvas/PlanCanvas.tsx [Client Component SSR]
    ./apps/portal/components/drawings/viewports/PlanViewport/PlanViewport.tsx [Client Component SSR]
    ./apps/portal/components/drawings/workbench/WorkbenchViewportHost.tsx [Client Component SSR]
    ./apps/portal/components/drawings/workbench/DrawingWorkbench.tsx [Client Component SSR]
    ./apps/portal/app/staff/projects/[projectId]/design-workbench/DesignWorkbenchFixtureClient.tsx [Client Component SSR]
    ./apps/portal/app/staff/projects/[projectId]/design-workbench/DesignWorkbenchFixtureClient.tsx [Server Component]
    ./apps/portal/app/staff/projects/[projectId]/design-workbench/page.tsx [Server Component]

https://nextjs.org/docs/messages/module-not-found @ http://localhost:3001/_next/static/chunks/node_modules_next_dist_115brz8._.js:3272
[47529032ms] [ERROR] ./apps/portal/components/drawings/viewports/PlanViewport/interactions/usePanZoom.ts:1:1
Module not found: Can't resolve '@/lib/drawings/interactions/planNavigationController'
> 1 | import {
    | ^^^^^^^
> 2 |   applyAnchoredPlanZoom,
    | ^^^^^^^^^^^^^^^^^^^^^^^^
> 3 |   clampPlanZoom,
    | ^^^^^^^^^^^^^^^^
> 4 |   normalizeWheelDeltaPixels,
    | ^^^^^^^^^^^^^^^^^^^^^^^^^^^^
> 5 |   WHEEL_ZOOM_SENSITIVITY,
    | ^^^^^^^^^^^^^^^^^^^^^^^^^
> 6 | } from '@/lib/drawings/interactions/planNavigationController';
    | ^^^^^^^^^^^^^^^^^^^^^^^^^^^^^^^^^^^^^^^^^^^^^^^^^^^^^^^^^^^^^^
  7 | import type { DrawingWorkbenchViewportTransform } from '@/lib/drawings/state/drawingWorkbenchUiState';
  8 |
  9 | export function resolveWheelZoomedTransform(input: {

Import map: aliased to relative './lib/drawings/interactions/planNavigationController' inside of [project]/apps/portal

Import traces:
  Client Component Browser:
    ./apps/portal/components/drawings/viewports/PlanViewport/interactions/usePanZoom.ts [Client Component Browser]
    ./apps/portal/components/drawings/viewports/PlanViewport/canvas/PlanCanvas2D.tsx [Client Component Browser]
    ./apps/portal/components/drawings/viewports/PlanViewport/canvas/PlanCanvas.tsx [Client Component Browser]
    ./apps/portal/components/drawings/viewports/PlanViewport/PlanViewport.tsx [Client Component Browser]
    ./apps/portal/components/drawings/workbench/WorkbenchViewportHost.tsx [Client Component Browser]
    ./apps/portal/components/drawings/workbench/DrawingWorkbench.tsx [Client Component Browser]
    ./apps/portal/app/staff/projects/[projectId]/design-workbench/DesignWorkbenchFixtureClient.tsx [Client Component Browser]
    ./apps/portal/app/staff/projects/[projectId]/design-workbench/DesignWorkbenchFixtureClient.tsx [Server Component]
    ./apps/portal/app/staff/projects/[projectId]/design-workbench/page.tsx [Server Component]

  Client Component SSR:
    ./apps/portal/components/drawings/viewports/PlanViewport/interactions/usePanZoom.ts [Client Component SSR]
    ./apps/portal/components/drawings/viewports/PlanViewport/canvas/PlanCanvas2D.tsx [Client Component SSR]
    ./apps/portal/components/drawings/viewports/PlanViewport/canvas/PlanCanvas.tsx [Client Component SSR]
    ./apps/portal/components/drawings/viewports/PlanViewport/PlanViewport.tsx [Client Component SSR]
    ./apps/portal/components/drawings/workbench/WorkbenchViewportHost.tsx [Client Component SSR]
    ./apps/portal/components/drawings/workbench/DrawingWorkbench.tsx [Client Component SSR]
    ./apps/portal/app/staff/projects/[projectId]/design-workbench/DesignWorkbenchFixtureClient.tsx [Client Component SSR]
    ./apps/portal/app/staff/projects/[projectId]/design-workbench/DesignWorkbenchFixtureClient.tsx [Server Component]
    ./apps/portal/app/staff/projects/[projectId]/design-workbench/page.tsx [Server Component]

https://nextjs.org/docs/messages/module-not-found @ http://localhost:3001/_next/static/chunks/node_modules_next_dist_115brz8._.js:3272
[47529135ms] [LOG] [Fast Refresh] rebuilding @ http://localhost:3001/_next/static/chunks/node_modules_next_dist_115brz8._.js:2431
[47529944ms] [ERROR] Failed to load resource: the server responded with a status of 500 (Internal Server Error) @ http://localhost:3001/staff/projects/proj_cf4afb59-b72c-4b11-b39f-9e04f4684163/design-workbench?_rsc=1uq1y:0
[47529976ms] [ERROR] ./apps/portal/components/drawings/viewports/PlanViewport/interactions/usePanZoom.ts:1:1
Module not found: Can't resolve '@/lib/drawings/interactions/planNavigationController'
> 1 | import {
    | ^^^^^^^
> 2 |   applyAnchoredPlanZoom,
    | ^^^^^^^^^^^^^^^^^^^^^^^^
> 3 |   clampPlanZoom,
    | ^^^^^^^^^^^^^^^^
> 4 |   normalizeWheelDeltaPixels,
    | ^^^^^^^^^^^^^^^^^^^^^^^^^^^^
> 5 |   WHEEL_ZOOM_SENSITIVITY,
    | ^^^^^^^^^^^^^^^^^^^^^^^^^
> 6 | } from '@/lib/drawings/interactions/planNavigationController';
    | ^^^^^^^^^^^^^^^^^^^^^^^^^^^^^^^^^^^^^^^^^^^^^^^^^^^^^^^^^^^^^^
  7 | import type { DrawingWorkbenchViewportTransform } from '@/lib/drawings/state/drawingWorkbenchUiState';
  8 |
  9 | export function resolveWheelZoomedTransform(input: {

Import map: aliased to relative './lib/drawings/interactions/planNavigationController' inside of [project]/apps/portal

Import traces:
  Client Component Browser:
    ./apps/portal/components/drawings/viewports/PlanViewport/interactions/usePanZoom.ts [Client Component Browser]
    ./apps/portal/components/drawings/viewports/PlanViewport/canvas/PlanCanvas2D.tsx [Client Component Browser]
    ./apps/portal/components/drawings/viewports/PlanViewport/canvas/PlanCanvas.tsx [Client Component Browser]
    ./apps/portal/components/drawings/viewports/PlanViewport/PlanViewport.tsx [Client Component Browser]
    ./apps/portal/components/drawings/workbench/WorkbenchViewportHost.tsx [Client Component Browser]
    ./apps/portal/components/drawings/workbench/DrawingWorkbench.tsx [Client Component Browser]
    ./apps/portal/app/staff/projects/[projectId]/design-workbench/DesignWorkbenchFixtureClient.tsx [Client Component Browser]
    ./apps/portal/app/staff/projects/[projectId]/design-workbench/DesignWorkbenchFixtureClient.tsx [Server Component]
    ./apps/portal/app/staff/projects/[projectId]/design-workbench/page.tsx [Server Component]

  Client Component SSR:
    ./apps/portal/components/drawings/viewports/PlanViewport/interactions/usePanZoom.ts [Client Component SSR]
    ./apps/portal/components/drawings/viewports/PlanViewport/canvas/PlanCanvas2D.tsx [Client Component SSR]
    ./apps/portal/components/drawings/viewports/PlanViewport/canvas/PlanCanvas.tsx [Client Component SSR]
    ./apps/portal/components/drawings/viewports/PlanViewport/PlanViewport.tsx [Client Component SSR]
    ./apps/portal/components/drawings/workbench/WorkbenchViewportHost.tsx [Client Component SSR]
    ./apps/portal/components/drawings/workbench/DrawingWorkbench.tsx [Client Component SSR]
    ./apps/portal/app/staff/projects/[projectId]/design-workbench/DesignWorkbenchFixtureClient.tsx [Client Component SSR]
    ./apps/portal/app/staff/projects/[projectId]/design-workbench/DesignWorkbenchFixtureClient.tsx [Server Component]
    ./apps/portal/app/staff/projects/[projectId]/design-workbench/page.tsx [Server Component]

https://nextjs.org/docs/messages/module-not-found @ http://localhost:3001/_next/static/chunks/node_modules_next_dist_115brz8._.js:3272
[47530006ms] [LOG] [Fast Refresh] rebuilding @ http://localhost:3001/_next/static/chunks/node_modules_next_dist_115brz8._.js:2431
[47530362ms] [ERROR] Failed to load resource: the server responded with a status of 500 (Internal Server Error) @ http://localhost:3001/staff/projects/proj_cf4afb59-b72c-4b11-b39f-9e04f4684163/design-workbench?_rsc=1uq1y:0
[47530395ms] [ERROR] ./apps/portal/components/drawings/viewports/PlanViewport/interactions/usePanZoom.ts:1:1
Module not found: Can't resolve '@/lib/drawings/interactions/planNavigationController'
> 1 | import {
    | ^^^^^^^
> 2 |   applyAnchoredPlanZoom,
    | ^^^^^^^^^^^^^^^^^^^^^^^^
> 3 |   clampPlanZoom,
    | ^^^^^^^^^^^^^^^^
> 4 |   normalizeWheelDeltaPixels,
    | ^^^^^^^^^^^^^^^^^^^^^^^^^^^^
> 5 |   WHEEL_ZOOM_SENSITIVITY,
    | ^^^^^^^^^^^^^^^^^^^^^^^^^
> 6 | } from '@/lib/drawings/interactions/planNavigationController';
    | ^^^^^^^^^^^^^^^^^^^^^^^^^^^^^^^^^^^^^^^^^^^^^^^^^^^^^^^^^^^^^^
  7 | import type { DrawingWorkbenchViewportTransform } from '@/lib/drawings/state/drawingWorkbenchUiState';
  8 |
  9 | export function resolveWheelZoomedTransform(input: {

Import map: aliased to relative './lib/drawings/interactions/planNavigationController' inside of [project]/apps/portal

Import traces:
  Client Component Browser:
    ./apps/portal/components/drawings/viewports/PlanViewport/interactions/usePanZoom.ts [Client Component Browser]
    ./apps/portal/components/drawings/viewports/PlanViewport/canvas/PlanCanvas2D.tsx [Client Component Browser]
    ./apps/portal/components/drawings/viewports/PlanViewport/canvas/PlanCanvas.tsx [Client Component Browser]
    ./apps/portal/components/drawings/viewports/PlanViewport/PlanViewport.tsx [Client Component Browser]
    ./apps/portal/components/drawings/workbench/WorkbenchViewportHost.tsx [Client Component Browser]
    ./apps/portal/components/drawings/workbench/DrawingWorkbench.tsx [Client Component Browser]
    ./apps/portal/app/staff/projects/[projectId]/design-workbench/DesignWorkbenchFixtureClient.tsx [Client Component Browser]
    ./apps/portal/app/staff/projects/[projectId]/design-workbench/DesignWorkbenchFixtureClient.tsx [Server Component]
    ./apps/portal/app/staff/projects/[projectId]/design-workbench/page.tsx [Server Component]

  Client Component SSR:
    ./apps/portal/components/drawings/viewports/PlanViewport/interactions/usePanZoom.ts [Client Component SSR]
    ./apps/portal/components/drawings/viewports/PlanViewport/canvas/PlanCanvas2D.tsx [Client Component SSR]
    ./apps/portal/components/drawings/viewports/PlanViewport/canvas/PlanCanvas.tsx [Client Component SSR]
    ./apps/portal/components/drawings/viewports/PlanViewport/PlanViewport.tsx [Client Component SSR]
    ./apps/portal/components/drawings/workbench/WorkbenchViewportHost.tsx [Client Component SSR]
    ./apps/portal/components/drawings/workbench/DrawingWorkbench.tsx [Client Component SSR]
    ./apps/portal/app/staff/projects/[projectId]/design-workbench/DesignWorkbenchFixtureClient.tsx [Client Component SSR]
    ./apps/portal/app/staff/projects/[projectId]/design-workbench/DesignWorkbenchFixtureClient.tsx [Server Component]
    ./apps/portal/app/staff/projects/[projectId]/design-workbench/page.tsx [Server Component]

https://nextjs.org/docs/messages/module-not-found @ http://localhost:3001/_next/static/chunks/node_modules_next_dist_115brz8._.js:3272
[47530418ms] [ERROR] Failed to load resource: the server responded with a status of 500 (Internal Server Error) @ http://localhost:3001/staff/projects/proj_cf4afb59-b72c-4b11-b39f-9e04f4684163/design-workbench:0
[47530444ms] [ERROR] Refused to execute script from 'http://localhost:3001/_next/static/development/_clientMiddlewareManifest.js' because its MIME type ('application/json') is not executable, and strict MIME type checking is enabled. @ http://localhost:3001/staff/projects/proj_cf4afb59-b72c-4b11-b39f-9e04f4684163/design-workbench:0
[47530473ms] [INFO] %cDownload the React DevTools for a better development experience: https://react.dev/link/react-devtools font-weight:bold @ http://localhost:3001/_next/static/chunks/node_modules_react-dom_0bruynb._.js:14107
[47530527ms] Error: ./apps/portal/components/drawings/viewports/PlanViewport/interactions/usePanZoom.ts:1:1
Module not found: Can't resolve '@/lib/drawings/interactions/planNavigationController'
> 1 | import {
    | ^^^^^^^
> 2 |   applyAnchoredPlanZoom,
    | ^^^^^^^^^^^^^^^^^^^^^^^^
> 3 |   clampPlanZoom,
    | ^^^^^^^^^^^^^^^^
> 4 |   normalizeWheelDeltaPixels,
    | ^^^^^^^^^^^^^^^^^^^^^^^^^^^^
> 5 |   WHEEL_ZOOM_SENSITIVITY,
    | ^^^^^^^^^^^^^^^^^^^^^^^^^
> 6 | } from '@/lib/drawings/interactions/planNavigationController';
    | ^^^^^^^^^^^^^^^^^^^^^^^^^^^^^^^^^^^^^^^^^^^^^^^^^^^^^^^^^^^^^^
  7 | import type { DrawingWorkbenchViewportTransform } from '@/lib/drawings/state/drawingWorkbenchUiState';
  8 |
  9 | export function resolveWheelZoomedTransform(input: {

Import map: aliased to relative './lib/drawings/interactions/planNavigationController' inside of [project]/apps/portal


Import traces:
  Client Component Browser:
    ./apps/portal/components/drawings/viewports/PlanViewport/interactions/usePanZoom.ts [Client Component Browser]
    ./apps/portal/components/drawings/viewports/PlanViewport/canvas/PlanCanvas2D.tsx [Client Component Browser]
    ./apps/portal/components/drawings/viewports/PlanViewport/canvas/PlanCanvas.tsx [Client Component Browser]
    ./apps/portal/components/drawings/viewports/PlanViewport/PlanViewport.tsx [Client Component Browser]
    ./apps/portal/components/drawings/workbench/WorkbenchViewportHost.tsx [Client Component Browser]
    ./apps/portal/components/drawings/workbench/DrawingWorkbench.tsx [Client Component Browser]
    ./apps/portal/app/staff/projects/[projectId]/design-workbench/DesignWorkbenchFixtureClient.tsx [Client Component Browser]
    ./apps/portal/app/staff/projects/[projectId]/design-workbench/DesignWorkbenchFixtureClient.tsx [Server Component]
    ./apps/portal/app/staff/projects/[projectId]/design-workbench/page.tsx [Server Component]

  Client Component SSR:
    ./apps/portal/components/drawings/viewports/PlanViewport/interactions/usePanZoom.ts [Client Component SSR]
    ./apps/portal/components/drawings/viewports/PlanViewport/canvas/PlanCanvas2D.tsx [Client Component SSR]
    ./apps/portal/components/drawings/viewports/PlanViewport/canvas/PlanCanvas.tsx [Client Component SSR]
    ./apps/portal/components/drawings/viewports/PlanViewport/PlanViewport.tsx [Client Component SSR]
    ./apps/portal/components/drawings/workbench/WorkbenchViewportHost.tsx [Client Component SSR]
    ./apps/portal/components/drawings/workbench/DrawingWorkbench.tsx [Client Component SSR]
    ./apps/portal/app/staff/projects/[projectId]/design-workbench/DesignWorkbenchFixtureClient.tsx [Client Component SSR]
    ./apps/portal/app/staff/projects/[projectId]/design-workbench/DesignWorkbenchFixtureClient.tsx [Server Component]
    ./apps/portal/app/staff/projects/[projectId]/design-workbench/page.tsx [Server Component]

https://nextjs.org/docs/messages/module-not-found


    at <unknown> (Error: ./apps/portal/components/drawings/viewports/PlanViewport/interactions/usePanZoom.ts:1:1)
    at <unknown> (https://nextjs.org/docs/messages/module-not-found)
    at Object.getCompilationErrors (file://C:\Users\Jorda\OneDrive\Documents\GitHub\sanctuary\node_modules\next\dist\server\dev\hot-reloader-turbopack.js:1186:59)
    at DevBundlerService.getCompilationError (file://C:\Users\Jorda\OneDrive\Documents\GitHub\sanctuary\node_modules\next\dist\server\lib\dev-bundler-service.js:44:55)
    at DevServer.getCompilationError (file://C:\Users\Jorda\OneDrive\Documents\GitHub\sanctuary\node_modules\next\dist\server\dev\next-dev-server.js:719:42)
    at DevServer.findPageComponents (file://C:\Users\Jorda\OneDrive\Documents\GitHub\sanctuary\node_modules\next\dist\server\dev\next-dev-server.js:689:43)
    at async DevServer.renderErrorToResponseImpl (file://C:\Users\Jorda\OneDrive\Documents\GitHub\sanctuary\node_modules\next\dist\server\base-server.js:1745:26)
[47530528ms] [LOG] [HMR] connected @ http://localhost:3001/_next/static/chunks/node_modules_next_dist_0u_w_5s._.js:1226
[47530533ms] [ERROR] ./apps/portal/components/drawings/viewports/PlanViewport/interactions/usePanZoom.ts:1:1
Module not found: Can't resolve '@/lib/drawings/interactions/planNavigationController'
> 1 | import {
    | ^^^^^^^
> 2 |   applyAnchoredPlanZoom,
    | ^^^^^^^^^^^^^^^^^^^^^^^^
> 3 |   clampPlanZoom,
    | ^^^^^^^^^^^^^^^^
> 4 |   normalizeWheelDeltaPixels,
    | ^^^^^^^^^^^^^^^^^^^^^^^^^^^^
> 5 |   WHEEL_ZOOM_SENSITIVITY,
    | ^^^^^^^^^^^^^^^^^^^^^^^^^
> 6 | } from '@/lib/drawings/interactions/planNavigationController';
    | ^^^^^^^^^^^^^^^^^^^^^^^^^^^^^^^^^^^^^^^^^^^^^^^^^^^^^^^^^^^^^^
  7 | import type { DrawingWorkbenchViewportTransform } from '@/lib/drawings/state/drawingWorkbenchUiState';
  8 |
  9 | export function resolveWheelZoomedTransform(input: {

Import map: aliased to relative './lib/drawings/interactions/planNavigationController' inside of [project]/apps/portal

Import traces:
  Client Component Browser:
    ./apps/portal/components/drawings/viewports/PlanViewport/interactions/usePanZoom.ts [Client Component Browser]
    ./apps/portal/components/drawings/viewports/PlanViewport/canvas/PlanCanvas2D.tsx [Client Component Browser]
    ./apps/portal/components/drawings/viewports/PlanViewport/canvas/PlanCanvas.tsx [Client Component Browser]
    ./apps/portal/components/drawings/viewports/PlanViewport/PlanViewport.tsx [Client Component Browser]
    ./apps/portal/components/drawings/workbench/WorkbenchViewportHost.tsx [Client Component Browser]
    ./apps/portal/components/drawings/workbench/DrawingWorkbench.tsx [Client Component Browser]
    ./apps/portal/app/staff/projects/[projectId]/design-workbench/DesignWorkbenchFixtureClient.tsx [Client Component Browser]
    ./apps/portal/app/staff/projects/[projectId]/design-workbench/DesignWorkbenchFixtureClient.tsx [Server Component]
    ./apps/portal/app/staff/projects/[projectId]/design-workbench/page.tsx [Server Component]

  Client Component SSR:
    ./apps/portal/components/drawings/viewports/PlanViewport/interactions/usePanZoom.ts [Client Component SSR]
    ./apps/portal/components/drawings/viewports/PlanViewport/canvas/PlanCanvas2D.tsx [Client Component SSR]
    ./apps/portal/components/drawings/viewports/PlanViewport/canvas/PlanCanvas.tsx [Client Component SSR]
    ./apps/portal/components/drawings/viewports/PlanViewport/PlanViewport.tsx [Client Component SSR]
    ./apps/portal/components/drawings/workbench/WorkbenchViewportHost.tsx [Client Component SSR]
    ./apps/portal/components/drawings/workbench/DrawingWorkbench.tsx [Client Component SSR]
    ./apps/portal/app/staff/projects/[projectId]/design-workbench/DesignWorkbenchFixtureClient.tsx [Client Component SSR]
    ./apps/portal/app/staff/projects/[projectId]/design-workbench/DesignWorkbenchFixtureClient.tsx [Server Component]
    ./apps/portal/app/staff/projects/[projectId]/design-workbench/page.tsx [Server Component]

https://nextjs.org/docs/messages/module-not-found @ http://localhost:3001/_next/static/chunks/node_modules_next_dist_0u_w_5s._.js:1945
[47530533ms] [ERROR] ./apps/portal/components/drawings/viewports/PlanViewport/interactions/usePanZoom.ts:1:1
Module not found: Can't resolve '@/lib/drawings/interactions/planNavigationController'
> 1 | import {
    | ^^^^^^^
> 2 |   applyAnchoredPlanZoom,
    | ^^^^^^^^^^^^^^^^^^^^^^^^
> 3 |   clampPlanZoom,
    | ^^^^^^^^^^^^^^^^
> 4 |   normalizeWheelDeltaPixels,
    | ^^^^^^^^^^^^^^^^^^^^^^^^^^^^
> 5 |   WHEEL_ZOOM_SENSITIVITY,
    | ^^^^^^^^^^^^^^^^^^^^^^^^^
> 6 | } from '@/lib/drawings/interactions/planNavigationController';
    | ^^^^^^^^^^^^^^^^^^^^^^^^^^^^^^^^^^^^^^^^^^^^^^^^^^^^^^^^^^^^^^
  7 | import type { DrawingWorkbenchViewportTransform } from '@/lib/drawings/state/drawingWorkbenchUiState';
  8 |
  9 | export function resolveWheelZoomedTransform(input: {

Import map: aliased to relative './lib/drawings/interactions/planNavigationController' inside of [project]/apps/portal

Import traces:
  Client Component Browser:
    ./apps/portal/components/drawings/viewports/PlanViewport/interactions/usePanZoom.ts [Client Component Browser]
    ./apps/portal/components/drawings/viewports/PlanViewport/canvas/PlanCanvas2D.tsx [Client Component Browser]
    ./apps/portal/components/drawings/viewports/PlanViewport/canvas/PlanCanvas.tsx [Client Component Browser]
    ./apps/portal/components/drawings/viewports/PlanViewport/PlanViewport.tsx [Client Component Browser]
    ./apps/portal/components/drawings/workbench/WorkbenchViewportHost.tsx [Client Component Browser]
    ./apps/portal/components/drawings/workbench/DrawingWorkbench.tsx [Client Component Browser]
    ./apps/portal/components/projects/ProjectPage/tabs/EstimatesTab.tsx [Client Component Browser]
    ./apps/portal/components/projects/ProjectPage/ProjectMainTabs.tsx [Client Component Browser]
    ./apps/portal/components/projects/ProjectPage/ProjectPageShell.tsx [Client Component Browser]
    ./apps/portal/components/projects/ProjectPage/ProjectPageFrame.tsx [Client Component Browser]
    ./apps/portal/app/staff/projects/[projectId]/ProjectSnapshotPageClient.tsx [Client Component Browser]
    ./apps/portal/app/staff/projects/[projectId]/ProjectSnapshotPageClient.tsx [Server Component]
    ./apps/portal/app/staff/projects/[projectId]/page.tsx [Server Component]

  Client Component SSR:
    ./apps/portal/components/drawings/viewports/PlanViewport/interactions/usePanZoom.ts [Client Component SSR]
    ./apps/portal/components/drawings/viewports/PlanViewport/canvas/PlanCanvas2D.tsx [Client Component SSR]
    ./apps/portal/components/drawings/viewports/PlanViewport/canvas/PlanCanvas.tsx [Client Component SSR]
    ./apps/portal/components/drawings/viewports/PlanViewport/PlanViewport.tsx [Client Component SSR]
    ./apps/portal/components/drawings/workbench/WorkbenchViewportHost.tsx [Client Component SSR]
    ./apps/portal/components/drawings/workbench/DrawingWorkbench.tsx [Client Component SSR]
    ./apps/portal/components/projects/ProjectPage/tabs/EstimatesTab.tsx [Client Component SSR]
    ./apps/portal/components/projects/ProjectPage/ProjectMainTabs.tsx [Client Component SSR]
    ./apps/portal/components/projects/ProjectPage/ProjectPageShell.tsx [Client Component SSR]
    ./apps/portal/components/projects/ProjectPage/ProjectPageFrame.tsx [Client Component SSR]
    ./apps/portal/app/staff/projects/[projectId]/ProjectSnapshotPageClient.tsx [Client Component SSR]
    ./apps/portal/app/staff/projects/[projectId]/ProjectSnapshotPageClient.tsx [Server Component]
    ./apps/portal/app/staff/projects/[projectId]/page.tsx [Server Component]

https://nextjs.org/docs/messages/module-not-found @ http://localhost:3001/_next/static/chunks/node_modules_next_dist_0u_w_5s._.js:1945
[47530583ms] [ERROR] ./apps/portal/components/drawings/viewports/PlanViewport/interactions/usePanZoom.ts:1:1
Module not found: Can't resolve '@/lib/drawings/interactions/planNavigationController'
> 1 | import {
    | ^^^^^^^
> 2 |   applyAnchoredPlanZoom,
    | ^^^^^^^^^^^^^^^^^^^^^^^^
> 3 |   clampPlanZoom,
    | ^^^^^^^^^^^^^^^^
> 4 |   normalizeWheelDeltaPixels,
    | ^^^^^^^^^^^^^^^^^^^^^^^^^^^^
> 5 |   WHEEL_ZOOM_SENSITIVITY,
    | ^^^^^^^^^^^^^^^^^^^^^^^^^
> 6 | } from '@/lib/drawings/interactions/planNavigationController';
    | ^^^^^^^^^^^^^^^^^^^^^^^^^^^^^^^^^^^^^^^^^^^^^^^^^^^^^^^^^^^^^^
  7 | import type { DrawingWorkbenchViewportTransform } from '@/lib/drawings/state/drawingWorkbenchUiState';
  8 |
  9 | export function resolveWheelZoomedTransform(input: {

Import map: aliased to relative './lib/drawings/interactions/planNavigationController' inside of [project]/apps/portal

Import traces:
  Client Component Browser:
    ./apps/portal/components/drawings/viewports/PlanViewport/interactions/usePanZoom.ts [Client Component Browser]
    ./apps/portal/components/drawings/viewports/PlanViewport/canvas/PlanCanvas2D.tsx [Client Component Browser]
    ./apps/portal/components/drawings/viewports/PlanViewport/canvas/PlanCanvas.tsx [Client Component Browser]
    ./apps/portal/components/drawings/viewports/PlanViewport/PlanViewport.tsx [Client Component Browser]
    ./apps/portal/components/drawings/workbench/WorkbenchViewportHost.tsx [Client Component Browser]
    ./apps/portal/components/drawings/workbench/DrawingWorkbench.tsx [Client Component Browser]
    ./apps/portal/app/staff/projects/[projectId]/design-workbench/DesignWorkbenchFixtureClient.tsx [Client Component Browser]
    ./apps/portal/app/staff/projects/[projectId]/design-workbench/DesignWorkbenchFixtureClient.tsx [Server Component]
    ./apps/portal/app/staff/projects/[projectId]/design-workbench/page.tsx [Server Component]

  Client Component SSR:
    ./apps/portal/components/drawings/viewports/PlanViewport/interactions/usePanZoom.ts [Client Component SSR]
    ./apps/portal/components/drawings/viewports/PlanViewport/canvas/PlanCanvas2D.tsx [Client Component SSR]
    ./apps/portal/components/drawings/viewports/PlanViewport/canvas/PlanCanvas.tsx [Client Component SSR]
    ./apps/portal/components/drawings/viewports/PlanViewport/PlanViewport.tsx [Client Component SSR]
    ./apps/portal/components/drawings/workbench/WorkbenchViewportHost.tsx [Client Component SSR]
    ./apps/portal/components/drawings/workbench/DrawingWorkbench.tsx [Client Component SSR]
    ./apps/portal/app/staff/projects/[projectId]/design-workbench/DesignWorkbenchFixtureClient.tsx [Client Component SSR]
    ./apps/portal/app/staff/projects/[projectId]/design-workbench/DesignWorkbenchFixtureClient.tsx [Server Component]
    ./apps/portal/app/staff/projects/[projectId]/design-workbench/page.tsx [Server Component]

https://nextjs.org/docs/messages/module-not-found @ http://localhost:3001/_next/static/chunks/node_modules_next_dist_0u_w_5s._.js:1945
[47530644ms] [LOG] [Fast Refresh] rebuilding @ http://localhost:3001/_next/static/chunks/node_modules_next_dist_0u_w_5s._.js:1226
[47531035ms] [LOG] [Fast Refresh] rebuilding @ http://localhost:3001/_next/static/chunks/node_modules_next_dist_0u_w_5s._.js:1226
[47531036ms] [ERROR] ./apps/portal/components/drawings/viewports/PlanViewport/interactions/usePanZoom.ts:1:1
Module not found: Can't resolve '@/lib/drawings/interactions/planNavigationController'
> 1 | import {
    | ^^^^^^^
> 2 |   applyAnchoredPlanZoom,
    | ^^^^^^^^^^^^^^^^^^^^^^^^
> 3 |   clampPlanZoom,
    | ^^^^^^^^^^^^^^^^
> 4 |   normalizeWheelDeltaPixels,
    | ^^^^^^^^^^^^^^^^^^^^^^^^^^^^
> 5 |   WHEEL_ZOOM_SENSITIVITY,
    | ^^^^^^^^^^^^^^^^^^^^^^^^^
> 6 | } from '@/lib/drawings/interactions/planNavigationController';
    | ^^^^^^^^^^^^^^^^^^^^^^^^^^^^^^^^^^^^^^^^^^^^^^^^^^^^^^^^^^^^^^
  7 | import type { DrawingWorkbenchViewportTransform } from '@/lib/drawings/state/drawingWorkbenchUiState';
  8 |
  9 | export function resolveWheelZoomedTransform(input: {

Import map: aliased to relative './lib/drawings/interactions/planNavigationController' inside of [project]/apps/portal

Import traces:
  Client Component Browser:
    ./apps/portal/components/drawings/viewports/PlanViewport/interactions/usePanZoom.ts [Client Component Browser]
    ./apps/portal/components/drawings/viewports/PlanViewport/canvas/PlanCanvas2D.tsx [Client Component Browser]
    ./apps/portal/components/drawings/viewports/PlanViewport/canvas/PlanCanvas.tsx [Client Component Browser]
    ./apps/portal/components/drawings/viewports/PlanViewport/PlanViewport.tsx [Client Component Browser]
    ./apps/portal/components/drawings/workbench/WorkbenchViewportHost.tsx [Client Component Browser]
    ./apps/portal/components/drawings/workbench/DrawingWorkbench.tsx [Client Component Browser]
    ./apps/portal/app/staff/projects/[projectId]/design-workbench/DesignWorkbenchFixtureClient.tsx [Client Component Browser]
    ./apps/portal/app/staff/projects/[projectId]/design-workbench/DesignWorkbenchFixtureClient.tsx [Server Component]
    ./apps/portal/app/staff/projects/[projectId]/design-workbench/page.tsx [Server Component]

  Client Component SSR:
    ./apps/portal/components/drawings/viewports/PlanViewport/interactions/usePanZoom.ts [Client Component SSR]
    ./apps/portal/components/drawings/viewports/PlanViewport/canvas/PlanCanvas2D.tsx [Client Component SSR]
    ./apps/portal/components/drawings/viewports/PlanViewport/canvas/PlanCanvas.tsx [Client Component SSR]
    ./apps/portal/components/drawings/viewports/PlanViewport/PlanViewport.tsx [Client Component SSR]
    ./apps/portal/components/drawings/workbench/WorkbenchViewportHost.tsx [Client Component SSR]
    ./apps/portal/components/drawings/workbench/DrawingWorkbench.tsx [Client Component SSR]
    ./apps/portal/app/staff/projects/[projectId]/design-workbench/DesignWorkbenchFixtureClient.tsx [Client Component SSR]
    ./apps/portal/app/staff/projects/[projectId]/design-workbench/DesignWorkbenchFixtureClient.tsx [Server Component]
    ./apps/portal/app/staff/projects/[projectId]/design-workbench/page.tsx [Server Component]

https://nextjs.org/docs/messages/module-not-found @ http://localhost:3001/_next/static/chunks/node_modules_next_dist_0u_w_5s._.js:1945
[47531129ms] [ERROR] ./apps/portal/components/drawings/viewports/PlanViewport/interactions/usePanZoom.ts:1:1
Module not found: Can't resolve '@/lib/drawings/interactions/planNavigationController'
> 1 | import {
    | ^^^^^^^
> 2 |   applyAnchoredPlanZoom,
    | ^^^^^^^^^^^^^^^^^^^^^^^^
> 3 |   clampPlanZoom,
    | ^^^^^^^^^^^^^^^^
> 4 |   normalizeWheelDeltaPixels,
    | ^^^^^^^^^^^^^^^^^^^^^^^^^^^^
> 5 |   WHEEL_ZOOM_SENSITIVITY,
    | ^^^^^^^^^^^^^^^^^^^^^^^^^
> 6 | } from '@/lib/drawings/interactions/planNavigationController';
    | ^^^^^^^^^^^^^^^^^^^^^^^^^^^^^^^^^^^^^^^^^^^^^^^^^^^^^^^^^^^^^^
  7 | import type { DrawingWorkbenchViewportTransform } from '@/lib/drawings/state/drawingWorkbenchUiState';
  8 |
  9 | export function resolveWheelZoomedTransform(input: {

Import map: aliased to relative './lib/drawings/interactions/planNavigationController' inside of [project]/apps/portal

Import traces:
  Client Component Browser:
    ./apps/portal/components/drawings/viewports/PlanViewport/interactions/usePanZoom.ts [Client Component Browser]
    ./apps/portal/components/drawings/viewports/PlanViewport/canvas/PlanCanvas2D.tsx [Client Component Browser]
    ./apps/portal/components/drawings/viewports/PlanViewport/canvas/PlanCanvas.tsx [Client Component Browser]
    ./apps/portal/components/drawings/viewports/PlanViewport/PlanViewport.tsx [Client Component Browser]
    ./apps/portal/components/drawings/workbench/WorkbenchViewportHost.tsx [Client Component Browser]
    ./apps/portal/components/drawings/workbench/DrawingWorkbench.tsx [Client Component Browser]
    ./apps/portal/app/staff/projects/[projectId]/design-workbench/DesignWorkbenchFixtureClient.tsx [Client Component Browser]
    ./apps/portal/app/staff/projects/[projectId]/design-workbench/DesignWorkbenchFixtureClient.tsx [Server Component]
    ./apps/portal/app/staff/projects/[projectId]/design-workbench/page.tsx [Server Component]

  Client Component SSR:
    ./apps/portal/components/drawings/viewports/PlanViewport/interactions/usePanZoom.ts [Client Component SSR]
    ./apps/portal/components/drawings/viewports/PlanViewport/canvas/PlanCanvas2D.tsx [Client Component SSR]
    ./apps/portal/components/drawings/viewports/PlanViewport/canvas/PlanCanvas.tsx [Client Component SSR]
    ./apps/portal/components/drawings/viewports/PlanViewport/PlanViewport.tsx [Client Component SSR]
    ./apps/portal/components/drawings/workbench/WorkbenchViewportHost.tsx [Client Component SSR]
    ./apps/portal/components/drawings/workbench/DrawingWorkbench.tsx [Client Component SSR]
    ./apps/portal/app/staff/projects/[projectId]/design-workbench/DesignWorkbenchFixtureClient.tsx [Client Component SSR]
    ./apps/portal/app/staff/projects/[projectId]/design-workbench/DesignWorkbenchFixtureClient.tsx [Server Component]
    ./apps/portal/app/staff/projects/[projectId]/design-workbench/page.tsx [Server Component]

https://nextjs.org/docs/messages/module-not-found @ http://localhost:3001/_next/static/chunks/node_modules_next_dist_0u_w_5s._.js:1945
[47531222ms] [LOG] [Fast Refresh] rebuilding @ http://localhost:3001/_next/static/chunks/node_modules_next_dist_0u_w_5s._.js:1226
[47533460ms] [ERROR] ./apps/portal/components/drawings/viewports/PlanViewport/interactions/usePanZoom.ts:1:1
Module not found: Can't resolve '@/lib/drawings/interactions/planNavigationController'
> 1 | import {
    | ^^^^^^^
> 2 |   applyAnchoredPlanZoom,
    | ^^^^^^^^^^^^^^^^^^^^^^^^
> 3 |   clampPlanZoom,
    | ^^^^^^^^^^^^^^^^
> 4 |   normalizeWheelDeltaPixels,
    | ^^^^^^^^^^^^^^^^^^^^^^^^^^^^
> 5 |   WHEEL_ZOOM_SENSITIVITY,
    | ^^^^^^^^^^^^^^^^^^^^^^^^^
> 6 | } from '@/lib/drawings/interactions/planNavigationController';
    | ^^^^^^^^^^^^^^^^^^^^^^^^^^^^^^^^^^^^^^^^^^^^^^^^^^^^^^^^^^^^^^
  7 | import type { DrawingWorkbenchViewportTransform } from '@/lib/drawings/state/drawingWorkbenchUiState';
  8 |
  9 | export function resolveWheelZoomedTransform(input: {

Import map: aliased to relative './lib/drawings/interactions/planNavigationController' inside of [project]/apps/portal

Import traces:
  Client Component Browser:
    ./apps/portal/components/drawings/viewports/PlanViewport/interactions/usePanZoom.ts [Client Component Browser]
    ./apps/portal/components/drawings/viewports/PlanViewport/canvas/PlanCanvas2D.tsx [Client Component Browser]
    ./apps/portal/components/drawings/viewports/PlanViewport/canvas/PlanCanvas.tsx [Client Component Browser]
    ./apps/portal/components/drawings/viewports/PlanViewport/PlanViewport.tsx [Client Component Browser]
    ./apps/portal/components/drawings/workbench/WorkbenchViewportHost.tsx [Client Component Browser]
    ./apps/portal/components/drawings/workbench/DrawingWorkbench.tsx [Client Component Browser]
    ./apps/portal/app/staff/projects/[projectId]/design-workbench/DesignWorkbenchFixtureClient.tsx [Client Component Browser]
    ./apps/portal/app/staff/projects/[projectId]/design-workbench/DesignWorkbenchFixtureClient.tsx [Server Component]
    ./apps/portal/app/staff/projects/[projectId]/design-workbench/page.tsx [Server Component]

  Client Component SSR:
    ./apps/portal/components/drawings/viewports/PlanViewport/interactions/usePanZoom.ts [Client Component SSR]
    ./apps/portal/components/drawings/viewports/PlanViewport/canvas/PlanCanvas2D.tsx [Client Component SSR]
    ./apps/portal/components/drawings/viewports/PlanViewport/canvas/PlanCanvas.tsx [Client Component SSR]
    ./apps/portal/components/drawings/viewports/PlanViewport/PlanViewport.tsx [Client Component SSR]
    ./apps/portal/components/drawings/workbench/WorkbenchViewportHost.tsx [Client Component SSR]
    ./apps/portal/components/drawings/workbench/DrawingWorkbench.tsx [Client Component SSR]
    ./apps/portal/app/staff/projects/[projectId]/design-workbench/DesignWorkbenchFixtureClient.tsx [Client Component SSR]
    ./apps/portal/app/staff/projects/[projectId]/design-workbench/DesignWorkbenchFixtureClient.tsx [Server Component]
    ./apps/portal/app/staff/projects/[projectId]/design-workbench/page.tsx [Server Component]

https://nextjs.org/docs/messages/module-not-found @ http://localhost:3001/_next/static/chunks/node_modules_next_dist_0u_w_5s._.js:1945
[47533569ms] [LOG] [Fast Refresh] rebuilding @ http://localhost:3001/_next/static/chunks/node_modules_next_dist_0u_w_5s._.js:1226
[47535092ms] [LOG] [Fast Refresh] done in 1631ms @ http://localhost:3001/_next/static/chunks/node_modules_next_dist_0u_w_5s._.js:1226
[47536365ms] [LOG] [Fast Refresh] rebuilding @ http://localhost:3001/_next/static/chunks/node_modules_next_dist_0u_w_5s._.js:1226
[47536925ms] [LOG] [Fast Refresh] done in 673ms @ http://localhost:3001/_next/static/chunks/node_modules_next_dist_0u_w_5s._.js:1226
[47537709ms] [INFO] %cDownload the React DevTools for a better development experience: https://react.dev/link/react-devtools font-weight:bold @ http://localhost:3001/_next/static/chunks/node_modules_next_dist_115brz8._.js:2431
[47537771ms] [LOG] [HMR] connected @ http://localhost:3001/_next/static/chunks/node_modules_next_dist_115brz8._.js:2431
[47543561ms] [WARNING] The resource http://localhost:3001/_next/static/chunks/apps_portal_components_page-state_PageState_module_0sc2l4s.css was preloaded using link preload but not used within a few seconds from the window's load event. Please make sure it has an appropriate `as` value and it is preloaded intentionally. @ http://localhost:3001/staff/projects/proj_cf4afb59-b72c-4b11-b39f-9e04f4684163/design-workbench:0
[47556631ms] [WARNING] THREE.THREE.Clock: This module has been deprecated. Please use THREE.Timer instead. @ http://localhost:3001/_next/static/chunks/node_modules_next_dist_115brz8._.js:2431
